// Jest Snapshot v1, https://goo.gl/fbAQLP

exports[`Allocation 1`] = `
<body>
  <div>
    <form
      class="h-100"
    >
      <div
        class="d-flex flex-column manage-company h-100"
      >
        <div
          class="d-flex layout-header align-items-center"
        >
          <div>
            <nav
              aria-label="breadcrumb"
            >
              <ol
                class="breadcrumb"
              >
                <li
                  class="breadcrumb-item"
                >
                  <a
                    href="#"
                    role="button"
                  >
                    <a
                      href="/home"
                    >
                      Home
                    </a>
                  </a>
                </li>
                <li
                  class="breadcrumb-item"
                >
                  <a
                    href="#"
                    role="button"
                  >
                    <a
                      href="/plans"
                    >
                      Manage Plan
                    </a>
                  </a>
                </li>
              </ol>
            </nav>
            <h5 />
          </div>
          <div
            class="d-flex align-items-center justify-content-center tab-wrapper"
          />
          <div
            class="ml-auto"
          >
            <div>
              <a
                href="/plans"
              >
                <button
                  class="btn btn-secondary"
                  flow="add,save"
                  link="/plans"
                  type="button"
                >
                  Cancel
                </button>
              </a>
                 
              <button
                class="btn btn-primary"
                flow="add"
                type="submit"
              >
                Save
              </button>
                 
            </div>
          </div>
        </div>
        <div
          class="layout-content h-100 overflow-auto"
        >
          <div
            class="row"
          >
            <div
              class="col-md-4"
            >
              <div
                class="required xs form-group"
              >
                <label
                  class="form-label"
                >
                  Allocation Increment
                   
                </label>
                <div
                  class="d-flex"
                >
                  <input
                    autocomplete="off"
                    class="form-control form-control-xs"
                    label="Allocation Increment"
                    name="allocationIncrement"
                    suggestiondefaulttext="%"
                    type="text"
                    value=""
                  />
                  <span
                    class="suggest-text"
                  >
                    %
                  </span>
                </div>
              </div>
            </div>
          </div>
          <div
            class="row"
          >
            <div
              class="col"
            >
              <div
                class="required md form-group"
              >
                <label
                  class="form-label"
                >
                  Frequency of allocation increments
                   
                </label>
                <div
                  class="form-control form-button-group "
                >
                  <div
                    aria-label="Frequency of allocation increments"
                    class="btn-group"
                    name="frequencyAllocationIncrement"
                    role="group"
                  >
                    <button
                      class="btn btn-primary"
                      data-attr="Anniversary of Enrolment Date"
                      type="button"
                    >
                      Anniversary of Enrolment Date
                    </button>
                    <button
                      class="btn btn-primary"
                      data-attr="Start of Plan Year"
                      type="button"
                    >
                      Start of Plan Year
                    </button>
                    <button
                      class="btn btn-primary"
                      data-attr="Start of Calendar Year"
                      type="button"
                    >
                      Start of Calendar Year
                    </button>
                  </div>
                </div>
              </div>
            </div>
          </div>
          <div
            class="row"
          >
            <div
              class="col-md-4"
            >
              <div
                class="required md form-group"
              >
                <label
                  class="form-label"
                >
                  Frequency of allocation changes
                   
                </label>
                <button
                  class="form-control dropSide  dropdown"
                  style="position: relative; display: flex; align-items: center;"
                  type="button"
                >
                  <select
                    style="visibility: hidden;"
                  >
                    <option
                      value=""
                    >
                      ------select-----
                    </option>
                  </select>
                  <div
                    class="dropSide-custom-select"
                  >
                    Select
                  </div>
                  <span
                    class="dropSide-custom-select-arrow"
                    style="display: flex; position: absolute; right: 0px; padding: 0px; min-width: 32px; font-size: 24px; outline: none; height: 100%;"
                  >
                    <span
                      style="transform: rotate(90deg);"
                    >
                      &gt;
                    </span>
                  </span>
                </button>
              </div>
            </div>
          </div>
          <div
            class="row"
          >
            <div
              class="col-md-4"
            >
              <div
                class="required sm form-group"
              >
                <label
                  class="form-label"
                >
                  Investment Allocation differs by source ?
                   
                </label>
                <div
                  class="form-control form-button-group "
                >
                  <div
                    aria-label="Investment Allocation differs by source ?"
                    class="btn-group"
                    name="investmentAllocation"
                    role="group"
                  >
                    <button
                      class="btn btn-primary"
                      data-attr="true"
                      type="button"
                    >
                      Yes
                    </button>
                    <button
                      class="btn btn-primary"
                      data-attr="false"
                      type="button"
                    >
                      No
                    </button>
                  </div>
                </div>
              </div>
            </div>
          </div>
          <div
            class="row"
          >
            <div
              class="col-md-4"
            >
              <div
                class="required sm form-group"
              >
                <label
                  class="form-label"
                >
                  Investment Allocation differs by source ?
                   
                </label>
                <div
                  class="form-control form-button-group "
                >
                  <div
                    aria-label="Investment Allocation differs by source ?"
                    class="btn-group"
                    name="investmentApplicable"
                    role="group"
                  >
                    <button
                      class="btn btn-primary"
                      data-attr="true"
                      type="button"
                    >
                      Yes
                    </button>
                    <button
                      class="btn btn-primary"
                      data-attr="false"
                      type="button"
                    >
                      No
                    </button>
                  </div>
                </div>
              </div>
            </div>
          </div>
        </div>
      </div>
    </form>
  </div>
</body>
`;
