// Jest Snapshot v1, https://goo.gl/fbAQLP

exports[`renders learn react link 1`] = `
<body>
  <div>
    <div
      class="sidebar-container "
    >
      <div
        class="sidebar-placeholder"
      />
      <div
        class="sidebar-overlay"
      />
      <div
        class="sidebar"
      >
        <div
          class="d-flex sidebar-content flex-column justify-content-between py-4 px-3"
        >
          <div
            class="minimized-content col"
          >
            <span
              class="core-icon white"
            >
              <img
                class=""
                src="/assets/icons/svg/core-white.svg"
              />
            </span>
          </div>
          <div
            class="maximized-content col"
          >
            <div>
              <span
                class="core-icon"
              >
                <img
                  class=""
                  height="100%"
                  src="/assets/icons/svg/core.svg"
                  width="60px"
                />
              </span>
            </div>
          </div>
          <div
            class="maximized-content  h-1 col"
          >
            <div
              class="mt-auto"
            >
              <ul>
                <li>
                  <a
                    href="#"
                    target="_blank"
                  >
                    Reference & Enquiry
                  </a>
                </li>
                <li>
                  <a
                    href="#"
                    target="_blank"
                  >
                    Privacy Policy
                  </a>
                </li>
              </ul>
              <br />
              <br />
              <br />
              <div>
                © Congruent Solutions Inc.
              </div>
               
              <div>
                All Rights Reserved
              </div>
              <br />
              <br />
              <br />
              <span
                class="congruent-icon"
              >
                <img
                  class=""
                  src="/assets/icons/svg/congruent-full.svg"
                />
              </span>
              <br />
              <br />
              <br />
              <br />
            </div>
          </div>
        </div>
      </div>
      <div
        class="sidebar-app"
      >
        <nav
          class="header-nav navbar navbar-expand-md navbar-light bg-light sticky-top"
        >
          <div
            class="container-fluid"
          >
            <div
              class="header-nav-row align-items-center row"
            >
              <div
                class="col-2"
              >
                <span
                  class="navbar-brand"
                >
                  <a
                    href="/home"
                  >
                    <img
                      class=""
                      height="31"
                      src="/assets/icons/svg/core.svg"
                    />
                  </a>
                </span>
              </div>
              <div
                class="col-6"
              >
                <div
                  class="navbar-nav"
                >
                  <a
                    href="/home"
                  >
                    <span
                      class="nav-link"
                    >
                      Home
                    </span>
                  </a>
                  <a
                    href="/dashboard"
                  >
                    <span
                      class="nav-link"
                    >
                      Dashboard
                    </span>
                  </a>
                </div>
              </div>
              <div
                class="d-flex justify-content-end col-4"
              >
                <span
                  class="icon-container"
                >
                  <span
                    class="icon"
                  >
                    <svg>
                      user-icon.svg
                    </svg>
                  </span>
                </span>
                <span
                  class="icon-container"
                >
                  <span
                    class="icon"
                  >
                    <svg>
                      vertical-triple-dots.svg
                    </svg>
                  </span>
                </span>
              </div>
            </div>
          </div>
        </nav>
        <div
          class="app-layout container-fluid"
        >
          <div
            class="loader-wrapper row"
          >
            <div
              class="loader-wrapper-overlay"
            >
              <div
                class="spinner-row d-flex align-items-center"
              >
                <div
                  class="spinner-border"
                  role="status"
                >
                  <span
                    class="sr-only"
                  >
                    Loading...
                  </span>
                </div>
                  
                Loading
              </div>
            </div>
            <div
              class="home-container row row-cols-md-3"
            />
          </div>
        </div>
      </div>
    </div>
  </div>
</body>
`;
