// Jest Snapshot v1, https://goo.gl/fbAQLP

exports[`EmployeeClassificationTypeDropdown to match snapshot 1`] = `
<body>
  <div>
    <div
      class="dropdside-custom-dropdown"
    >
      <div>
        <div
          class="searchable-list-input form-group"
        >
          <label
            class="searchable-list-label form-label"
          >
            Select an Employee Classification type
          </label>
          <div
            class="input-group"
          >
            <input
              class="form-control"
              placeholder="Search"
              type="text"
              value=""
            />
          </div>
        </div>
        <div
          class="searchable-list overflow-y-auto"
        >
          <button
            class="dropdown-item"
            data-attr="1"
            type="button"
          >
            ECT 100
          </button>
          <button
            class="dropdown-item"
            data-attr="2"
            type="button"
          >
            ECT 200
          </button>
          <button
            class="dropdown-item"
            data-attr="3"
            type="button"
          >
            ECT 400
          </button>
        </div>
      </div>
      <div
        class="line-separator"
      />
      <div
        class=" md form-group"
      >
        <label
          class="form-label"
        >
          Add a new classification type
          Â 
        </label>
        <input
          class="form-control"
          name="newEmployeeClassificationType"
          type="text"
        />
      </div>
      <div
        class="form-group"
      >
        <button
          class="btn btn-primary"
          type="button"
        >
          Add
        </button>
      </div>
    </div>
  </div>
</body>
`;
