// Jest Snapshot v1, https://goo.gl/fbAQLP

exports[`FieldInput - sprint 4 to match snapshot 1`] = `
<body>
  <div>
    <form>
      <div
        class="required md form-group"
      >
        <label
          class="form-label"
        >
          New company name
          Â 
        </label>
        <div
          class="d-flex"
        >
          <input
            autocomplete="off"
            class="form-control"
            label="New company name"
            name="companyName"
            type="text"
            value="121212"
          />
        </div>
      </div>
    </form>
  </div>
</body>
`;
