// Jest Snapshot v1, https://goo.gl/fbAQLP

exports[`renders learn react link 1`] = `
<body>
  <div>
    <form
      class="h-100"
    >
      <div
        class="d-flex flex-column manage-company h-100"
      >
        <div
          class="d-flex layout-header align-items-center"
        >
          <div>
            <nav
              aria-label="breadcrumb"
            >
              <ol
                class="breadcrumb"
              >
                <li
                  class="breadcrumb-item"
                >
                  <a
                    href="#"
                    role="button"
                  >
                    <a
                      href="/home"
                    >
                      Home
                    </a>
                  </a>
                </li>
                <li
                  class="breadcrumb-item"
                >
                  <a
                    href="#"
                    role="button"
                  >
                    <a
                      href="/companys"
                    >
                      Manage Company
                    </a>
                  </a>
                </li>
              </ol>
            </nav>
            <h5 />
          </div>
          <div
            class="d-flex align-items-center justify-content-center tab-wrapper"
          />
          <div
            class="ml-auto"
          >
            <div>
              <a
                href="/companys"
              >
                <button
                  class="btn btn-secondary"
                  flow="add,save"
                  link="/companys"
                  type="button"
                >
                  Cancel
                </button>
              </a>
                 
              <button
                class="btn btn-primary"
                flow="add"
                type="submit"
              >
                Add Company
              </button>
                 
            </div>
          </div>
          <div
            class="error-banner d-flex align-items-center "
          >
            <div>
              <div
                class="error-heading"
              >
                OOPS!
              </div>
              <div
                class="error-reason"
              >
                Something went wrong! please try again.
              </div>
            </div>
            <div
              class="ml-auto"
            >
              <button
                class="btn btn-link"
                type="button"
              >
                <svg
                  aria-hidden="true"
                  class="svg-inline--fa fa-times fa-w-10 "
                  color="#212529"
                  data-icon="times"
                  data-prefix="fal"
                  focusable="false"
                  role="img"
                  style="font-size: 1.5rem;"
                  viewBox="0 0 320 512"
                  xmlns="http://www.w3.org/2000/svg"
                >
                  <path
                    d="M193.94 256L296.5 153.44l21.15-21.15c3.12-3.12 3.12-8.19 0-11.31l-22.63-22.63c-3.12-3.12-8.19-3.12-11.31 0L160 222.06 36.29 98.34c-3.12-3.12-8.19-3.12-11.31 0L2.34 120.97c-3.12 3.12-3.12 8.19 0 11.31L126.06 256 2.34 379.71c-3.12 3.12-3.12 8.19 0 11.31l22.63 22.63c3.12 3.12 8.19 3.12 11.31 0L160 289.94 262.56 392.5l21.15 21.15c3.12 3.12 8.19 3.12 11.31 0l22.63-22.63c3.12-3.12 3.12-8.19 0-11.31L193.94 256z"
                    fill="currentColor"
                  />
                </svg>
              </button>
            </div>
          </div>
        </div>
        <div
          class="layout-content h-100 overflow-auto"
        >
          <div
            class="row"
          >
            <div
              class="col"
            >
              <div
                class="required md form-group"
              >
                <label
                  class="form-label"
                >
                  New company name
                   
                </label>
                <div
                  class="d-flex"
                >
                  <input
                    autocomplete="off"
                    class="form-control"
                    label="New company name"
                    name="companyName"
                    suggestionerrormessage="Company Name already exist"
                    type="text"
                    value=""
                  />
                </div>
              </div>
              <div
                class="required md form-group"
              >
                <label
                  class="form-label"
                >
                  Company type
                   
                </label>
                <div
                  class="form-control form-button-group "
                >
                  <div
                    aria-label="Company type"
                    class="btn-group"
                    name="companyType"
                    role="group"
                  >
                    <button
                      class="btn btn-primary"
                      data-attr="0"
                      type="button"
                    >
                      Regular
                    </button>
                    <button
                      class="btn btn-primary"
                      data-attr="1"
                      type="button"
                    >
                      MEP
                    </button>
                    <button
                      class="btn btn-primary"
                      data-attr="2"
                      type="button"
                    >
                      PEP
                    </button>
                  </div>
                </div>
              </div>
            </div>
          </div>
        </div>
      </div>
    </form>
  </div>
</body>
`;
