// Jest Snapshot v1, https://goo.gl/fbAQLP

exports[`SideBarContent to match snapshot 1`] = `
<body>
  <div>
    <div
      class="d-flex sidebar-content flex-column justify-content-between py-4 px-3"
    >
      <div
        class="minimized-content col"
      >
        <span
          class="core-icon white"
        >
          <img
            class=""
            src="/assets/icons/svg/core-white.svg"
          />
        </span>
      </div>
      <div
        class="maximized-content col"
      >
        <div>
          <span
            class="core-icon"
          >
            <img
              class=""
              height="100%"
              src="/assets/icons/svg/core.svg"
              width="60px"
            />
          </span>
        </div>
      </div>
      <div
        class="maximized-content  h-1 col"
      >
        <div
          class="mt-auto"
        >
          <ul>
            <li>
              <a
                href="#"
                target="_blank"
              >
                Reference & Enquiry
              </a>
            </li>
            <li>
              <a
                href="#"
                target="_blank"
              >
                Privacy Policy
              </a>
            </li>
          </ul>
          <br />
          <br />
          <br />
          <div>
            Â© Congruent Solutions Inc.
          </div>
           
          <div>
            All Rights Reserved
          </div>
          <br />
          <br />
          <br />
          <span
            class="congruent-icon"
          >
            <img
              class=""
              src="/assets/icons/svg/congruent-full.svg"
            />
          </span>
          <br />
          <br />
          <br />
          <br />
        </div>
      </div>
    </div>
  </div>
</body>
`;
