// Jest Snapshot v1, https://goo.gl/fbAQLP

exports[`HeaderPopover to match snapshot 1`] = `
<body>
  <div>
    <div
      class="user-popover"
    />
  </div>
</body>
`;
