// Jest Snapshot v1, https://goo.gl/fbAQLP

exports[`AddSourceAllocationContainer - sprint 4 to match on form submit 1`] = `
<body>
  <div>
    <form
      class="h-100"
    >
      <div
        class="d-flex flex-column manage-company h-100"
      >
        <div
          class="d-flex layout-header align-items-center"
        >
          <div>
            <nav
              aria-label="breadcrumb"
            >
              <ol
                class="breadcrumb"
              >
                <li
                  class="breadcrumb-item"
                >
                  <a
                    href="#"
                    role="button"
                  >
                    <a
                      href="/home"
                    >
                      Home
                    </a>
                  </a>
                </li>
                <li
                  class="breadcrumb-item"
                >
                  <a
                    href="#"
                    role="button"
                  >
                    <a
                      href="/plans"
                    >
                      Manage Plan
                    </a>
                  </a>
                </li>
              </ol>
            </nav>
            <h5 />
          </div>
          <div
            class="d-flex align-items-center justify-content-center tab-wrapper"
          />
          <div
            class="ml-auto"
          >
            <div>
              <a
                href="/plans"
              >
                <button
                  class="btn btn-secondary"
                  flow="add,save"
                  link="/plans"
                  type="button"
                >
                  Cancel
                </button>
              </a>
                 
              <button
                class="btn btn-primary"
                flow="add"
                type="submit"
              >
                Save
              </button>
                 
            </div>
          </div>
        </div>
        <div
          class="layout-content h-100 overflow-auto"
        >
          <div
            class="row"
          >
            <div
              class="col-md-4"
            >
              <div
                class="required md form-group"
              >
                <label
                  class="form-label"
                >
                  Frequency of allocation changes
                   
                </label>
                <button
                  class="form-control dropSide  dropdown"
                  style="position: relative; display: flex; align-items: center;"
                  type="button"
                >
                  <select
                    style="visibility: hidden;"
                  >
                    <option
                      value=""
                    >
                      ------select-----
                    </option>
                  </select>
                  <div
                    class="dropSide-custom-select"
                  >
                    Select
                  </div>
                  <span
                    class="dropSide-custom-select-arrow"
                    style="display: flex; position: absolute; right: 0px; padding: 0px; min-width: 32px; font-size: 24px; outline: none; height: 100%;"
                  >
                    <span
                      style="transform: rotate(90deg);"
                    >
                      &gt;
                    </span>
                  </span>
                </button>
              </div>
            </div>
          </div>
          <div
            class="row"
          >
            <div
              class="col-md-4"
            >
              <div
                class="required xs form-group"
              >
                <label
                  class="form-label"
                >
                  Allocation Increment
                   
                </label>
                <div
                  class="d-flex"
                >
                  <input
                    autocomplete="off"
                    class="form-control form-control-xs"
                    label="Allocation Increment"
                    name="allocationIncrement"
                    suggestiondefaulttext="%"
                    type="text"
                    value=""
                  />
                  <span
                    class="suggest-text"
                  >
                    %
                  </span>
                </div>
              </div>
            </div>
          </div>
          <div
            class="row"
          >
            <div
              class="col-md-4"
            >
              <div
                class="required md form-group"
              >
                <label
                  class="form-label"
                >
                  Frequency of allocation changes
                   
                </label>
                <button
                  class="form-control dropSide  dropdown"
                  style="position: relative; display: flex; align-items: center;"
                  type="button"
                >
                  <select
                    style="visibility: hidden;"
                  >
                    <option
                      value=""
                    >
                      ------select-----
                    </option>
                  </select>
                  <div
                    class="dropSide-custom-select"
                  >
                    Select
                  </div>
                  <span
                    class="dropSide-custom-select-arrow"
                    style="display: flex; position: absolute; right: 0px; padding: 0px; min-width: 32px; font-size: 24px; outline: none; height: 100%;"
                  >
                    <span
                      style="transform: rotate(90deg);"
                    >
                      &gt;
                    </span>
                  </span>
                </button>
              </div>
            </div>
          </div>
          <div
            class="d-flex w-100 align-items-center justify-content-between mb-4"
          >
            <p
              class="w-50 m-0 py-3"
            >
              Investment applicable for this source allocation ( 4 selected )
            </p>
            <div
              class=""
            >
              <button
                class="btn btn-primary"
                type="button"
              >
                SHOW SELECTED
              </button>
            </div>
          </div>
          <div
            class="loader-wrapper "
          >
            <div
              class="d-flex flex-column cspl-table undefined"
            >
              <div
                class="d-flex table-head align-items-center undefined"
              >
                <div
                  class="d-flex table-row undefined"
                >
                  <div
                    class="d-flex table-head-cell   undefined"
                  >
                    <div
                      class="custom-control custom-checkbox"
                    >
                      <input
                        class="custom-control-input"
                        id="master-sources-radio-head"
                        name="master-sources-radio-head"
                        type="checkbox"
                      />
                      <label
                        class="custom-control-label"
                        for="master-sources-radio-head"
                        title=""
                      />
                    </div>
                  </div>
                  <div
                    class="d-flex table-head-cell column-employee-classification-name  undefined"
                  >
                    Plan Investment
                  </div>
                </div>
              </div>
              <div
                class="d-flex flex-column table-body undefined"
              />
            </div>
          </div>
        </div>
      </div>
    </form>
  </div>
</body>
`;

exports[`AddSourceAllocationContainer - sprint 4 to match snapshot active 1`] = `
<body>
  <div>
    <form
      class="h-100"
    >
      <div
        class="d-flex flex-column manage-company h-100"
      >
        <div
          class="d-flex layout-header align-items-center"
        >
          <div>
            <nav
              aria-label="breadcrumb"
            >
              <ol
                class="breadcrumb"
              >
                <li
                  class="breadcrumb-item"
                >
                  <a
                    href="#"
                    role="button"
                  >
                    <a
                      href="/home"
                    >
                      Home
                    </a>
                  </a>
                </li>
                <li
                  class="breadcrumb-item"
                >
                  <a
                    href="#"
                    role="button"
                  >
                    <a
                      href="/plans"
                    >
                      Manage Plan
                    </a>
                  </a>
                </li>
              </ol>
            </nav>
            <h5 />
          </div>
          <div
            class="d-flex align-items-center justify-content-center tab-wrapper"
          />
          <div
            class="ml-auto"
          >
            <div>
              <a
                href="/plans"
              >
                <button
                  class="btn btn-secondary"
                  flow="add,save"
                  link="/plans"
                  type="button"
                >
                  Cancel
                </button>
              </a>
                 
              <button
                class="btn btn-primary"
                flow="add"
                type="submit"
              >
                Save
              </button>
                 
            </div>
          </div>
        </div>
        <div
          class="layout-content h-100 overflow-auto"
        >
          <div
            class="row"
          >
            <div
              class="col-md-4"
            >
              <div
                class="required md form-group"
              >
                <label
                  class="form-label"
                >
                  Frequency of allocation changes
                   
                </label>
                <button
                  class="form-control dropSide  dropdown"
                  style="position: relative; display: flex; align-items: center;"
                  type="button"
                >
                  <select
                    style="visibility: hidden;"
                  >
                    <option
                      value=""
                    >
                      ------select-----
                    </option>
                  </select>
                  <div
                    class="dropSide-custom-select"
                  >
                    Select
                  </div>
                  <span
                    class="dropSide-custom-select-arrow"
                    style="display: flex; position: absolute; right: 0px; padding: 0px; min-width: 32px; font-size: 24px; outline: none; height: 100%;"
                  >
                    <span
                      style="transform: rotate(90deg);"
                    >
                      &gt;
                    </span>
                  </span>
                </button>
              </div>
            </div>
          </div>
          <div
            class="row"
          >
            <div
              class="col-md-4"
            >
              <div
                class="required xs form-group"
              >
                <label
                  class="form-label"
                >
                  Allocation Increment
                   
                </label>
                <div
                  class="d-flex"
                >
                  <input
                    autocomplete="off"
                    class="form-control form-control-xs"
                    label="Allocation Increment"
                    name="allocationIncrement"
                    suggestiondefaulttext="%"
                    type="text"
                    value=""
                  />
                  <span
                    class="suggest-text"
                  >
                    %
                  </span>
                </div>
              </div>
            </div>
          </div>
          <div
            class="row"
          >
            <div
              class="col-md-4"
            >
              <div
                class="required md form-group"
              >
                <label
                  class="form-label"
                >
                  Frequency of allocation changes
                   
                </label>
                <button
                  class="form-control dropSide  dropdown"
                  style="position: relative; display: flex; align-items: center;"
                  type="button"
                >
                  <select
                    style="visibility: hidden;"
                  >
                    <option
                      value=""
                    >
                      ------select-----
                    </option>
                  </select>
                  <div
                    class="dropSide-custom-select"
                  >
                    Select
                  </div>
                  <span
                    class="dropSide-custom-select-arrow"
                    style="display: flex; position: absolute; right: 0px; padding: 0px; min-width: 32px; font-size: 24px; outline: none; height: 100%;"
                  >
                    <span
                      style="transform: rotate(90deg);"
                    >
                      &gt;
                    </span>
                  </span>
                </button>
              </div>
            </div>
          </div>
          <div
            class="d-flex w-100 align-items-center justify-content-between mb-4"
          >
            <p
              class="w-50 m-0 py-3"
            >
              Investment applicable for this source allocation ( 4 selected )
            </p>
            <div
              class=""
            >
              <button
                class="btn btn-primary"
                type="button"
              >
                SHOW SELECTED
              </button>
            </div>
          </div>
          <div
            class="loader-wrapper "
          >
            <div
              class="d-flex flex-column cspl-table undefined"
            >
              <div
                class="d-flex table-head align-items-center undefined"
              >
                <div
                  class="d-flex table-row undefined"
                >
                  <div
                    class="d-flex table-head-cell   undefined"
                  >
                    <div
                      class="custom-control custom-checkbox"
                    >
                      <input
                        class="custom-control-input"
                        id="master-sources-radio-head"
                        name="master-sources-radio-head"
                        type="checkbox"
                      />
                      <label
                        class="custom-control-label"
                        for="master-sources-radio-head"
                        title=""
                      />
                    </div>
                  </div>
                  <div
                    class="d-flex table-head-cell column-employee-classification-name  undefined"
                  >
                    Plan Investment
                  </div>
                </div>
              </div>
              <div
                class="d-flex flex-column table-body undefined"
              />
            </div>
          </div>
        </div>
      </div>
    </form>
  </div>
</body>
`;
