// Jest Snapshot v1, https://goo.gl/fbAQLP

exports[`SponsoringOrgDropdown to match snapshot 1`] = `
<body>
  <div>
    <div
      class="loader-wrapper dropdside-custom-dropdown sponsoringorg-dropdown flex-column"
    >
      <div
        class="loader-wrapper-overlay"
      >
        <div
          class="spinner-row d-flex align-items-center"
        >
          <div
            class="spinner-border"
            role="status"
          >
            <span
              class="sr-only"
            >
              Loading...
            </span>
          </div>
            
          
        </div>
      </div>
      <div>
        <div
          class="searchable-list-input form-group"
        >
          <label
            class="searchable-list-label form-label"
          >
            Select an Sponsoring Organisation
          </label>
          <div
            class="input-group"
          >
            <input
              class="form-control"
              placeholder="Search"
              type="text"
              value=""
            />
          </div>
        </div>
        <div
          class="searchable-list overflow-y-auto"
        />
      </div>
      <div
        class="line-separator"
      />
      <div
        class=" md form-group"
      >
        <label
          class="form-label"
        >
          Add a new Sponsoring Organisation
           
        </label>
        <div
          class="d-flex"
        >
          <input
            autocomplete="off"
            class="form-control"
            name="newSponsoringOrg"
            type="text"
          />
        </div>
      </div>
      <div
        class="form-group"
      >
        <button
          class="btn btn-primary"
          type="button"
        >
          Add
        </button>
      </div>
    </div>
  </div>
</body>
`;
