// Jest Snapshot v1, https://goo.gl/fbAQLP

exports[`FieldTextarea - sprint 4 to match snapshot 1`] = `
<body>
  <div>
    <form>
      <div
        class="required md form-group"
      >
        <label
          class="form-label"
        >
          New company name
          Â 
        </label>
        <div
          class="d-flex"
        >
          <textarea
            autocomplete="off"
            class="form-control"
            label="New company name"
            name="companyName"
            rows="3"
            type="text"
          >
            121212
          </textarea>
        </div>
      </div>
    </form>
  </div>
</body>
`;
