// Jest Snapshot v1, https://goo.gl/fbAQLP

exports[`FieldDropSide - sprint 4 to match snapshot 1`] = `
<body>
  <div>
    <div
      class="required md form-group"
    >
      <label
        class="form-label"
      >
        Sponsoring organization
        Â 
      </label>
      <button
        class="form-control dropSide  dropdown"
        style="position: relative; display: flex; align-items: center;"
        type="button"
      >
        <select
          style="visibility: hidden;"
        >
          <option
            value=""
          >
            ------select-----
          </option>
          <option />
          <option />
          <option />
          <option />
          <option />
          <option />
          <option />
          <option />
        </select>
        <div
          class="dropSide-custom-select"
        >
          260
        </div>
        <span
          class="dropSide-custom-select-arrow"
          style="display: flex; position: absolute; right: 0px; padding: 0px; min-width: 32px; font-size: 24px; outline: none; height: 100%;"
        >
          <span
            style="transform: rotate(90deg);"
          >
            &gt;
          </span>
        </span>
      </button>
    </div>
  </div>
</body>
`;
