// Jest Snapshot v1, https://goo.gl/fbAQLP

exports[`renders learn react link 1`] = `
<body>
  <div>
    <div
      class="sidebar-container "
    >
      <div
        class="sidebar-placeholder"
      />
      <div
        class="sidebar-overlay"
      />
      <div
        class="sidebar"
      >
        <div
          class="d-flex sidebar-content flex-column justify-content-between py-4 px-3"
        >
          <div
            class="minimized-content col"
          >
            <span
              class="core-icon white"
            >
              <img
                class=""
                src="/assets/icons/svg/core-white.svg"
              />
            </span>
          </div>
          <div
            class="maximized-content col"
          >
            <div>
              <span
                class="core-icon"
              >
                <img
                  class=""
                  height="100%"
                  src="/assets/icons/svg/core.svg"
                  width="60px"
                />
              </span>
            </div>
          </div>
          <div
            class="maximized-content  h-1 col"
          >
            <div
              class="mt-auto"
            >
              <ul>
                <li>
                  <a
                    href="#"
                    target="_blank"
                  >
                    Reference & Enquiry
                  </a>
                </li>
                <li>
                  <a
                    href="#"
                    target="_blank"
                  >
                    Privacy Policy
                  </a>
                </li>
              </ul>
              <br />
              <br />
              <br />
              <div>
                Â© Congruent Solutions Inc.
              </div>
               
              <div>
                All Rights Reserved
              </div>
              <br />
              <br />
              <br />
              <span
                class="congruent-icon"
              >
                <img
                  class=""
                  src="/assets/icons/svg/congruent-full.svg"
                />
              </span>
              <br />
              <br />
              <br />
              <br />
            </div>
          </div>
        </div>
      </div>
      <div
        class="sidebar-app"
      >
        <nav
          class="header-nav navbar navbar-expand-md navbar-light bg-light sticky-top"
        >
          <div
            class="container-fluid"
          >
            <div
              class="header-nav-row align-items-center row"
            >
              <div
                class="col-2"
              >
                <span
                  class="navbar-brand"
                >
                  <a
                    href="/home"
                  >
                    <img
                      class=""
                      height="31"
                      src="/assets/icons/svg/core.svg"
                    />
                  </a>
                </span>
              </div>
              <div
                class="col-6"
              >
                <div
                  class="navbar-nav"
                >
                  <a
                    href="/home"
                  >
                    <span
                      class="soft-selected nav-link"
                    >
                      Home
                    </span>
                  </a>
                  <a
                    href="/dashboard"
                  >
                    <span
                      class="nav-link"
                    >
                      Dashboard
                    </span>
                  </a>
                </div>
              </div>
              <div
                class="d-flex justify-content-end col-4"
              >
                <span
                  class="icon-container"
                >
                  <span
                    class="icon"
                  >
                    <svg>
                      user-icon.svg
                    </svg>
                  </span>
                </span>
                <span
                  class="icon-container"
                >
                  <span
                    class="icon"
                  >
                    <svg>
                      vertical-triple-dots.svg
                    </svg>
                  </span>
                </span>
              </div>
            </div>
          </div>
        </nav>
        <div
          class="app-layout container-fluid"
        >
          <div
            class="loader-wrapper row manage-company-wrapper"
          >
            <div
              class="h-100 col"
            >
              <div
                class="h-100 row row-cols-sm-12"
              >
                <div
                  class="manage-company-column manage-menu-items col-lg-2 col-sm-4 col-5"
                >
                  <div
                    class="company-name-component"
                  />
                  <ul
                    class="manage-company-menu"
                  >
                    <li
                      class=""
                    >
                      <a
                        href="/manage-plan/basic-details"
                      >
                        Basic Details
                      </a>
                    </li>
                    <li
                      class=""
                    >
                      <a
                        href="/manage-plan/sponsor"
                      >
                        Sponsor
                      </a>
                    </li>
                    <li
                      class=""
                    >
                      <a
                        href="/manage-plan/trustee"
                      >
                        Trustee
                      </a>
                    </li>
                    <li
                      class=""
                    >
                      <a
                        href="/manage-plan/custodian"
                      >
                        Custodian
                      </a>
                    </li>
                    <li
                      class=""
                    >
                      <a
                        href="/manage-plan/advisor"
                      >
                        Advisor
                      </a>
                    </li>
                    <li
                      class=""
                    >
                      <a
                        href="/manage-plan/complaince"
                      >
                        Complaince
                      </a>
                    </li>
                    <li
                      class=""
                    >
                      <a
                        href="/manage-plan/manage-sources"
                      >
                        Sources
                      </a>
                    </li>
                    <li
                      class=""
                    >
                      <a
                        href="/manage-plan/eligibility"
                      >
                        Eligibility
                      </a>
                    </li>
                    <li
                      class=""
                    >
                      <a
                        href="/manage-plan/allocation"
                      >
                        Allocation
                      </a>
                    </li>
                    <li
                      class=""
                    >
                      <a
                        href="/manage-plan/vesting"
                      >
                        Vesting
                      </a>
                    </li>
                  </ul>
                </div>
                <div
                  class="h-100 manage-menu-content col-lg-10 col-sm-8 col-7"
                />
              </div>
            </div>
          </div>
        </div>
      </div>
    </div>
  </div>
</body>
`;
